// Jest Snapshot v1, https://goo.gl/fbAQLP

exports[`<EventCard /> Should render and match the snapshot 1`] = `
<div
  class="MuiPaper-root MuiPaper-elevation1 MuiPaper-rounded MuiCard-root makeStyles-card-1"
>
  <button
    class="MuiButtonBase-root MuiCardActionArea-root"
    tabindex="0"
    type="button"
  >
    <img
      class="MuiCardMedia-root MuiCardMedia-media makeStyles-media-2"
      src="https://ichef.bbci.co.uk/news/660/cpsprodpb/9C76/production/_105745004_gettyimages-684415304.jpg"
      title="Eu"
    />
    <div
      class="makeStyles-title-4"
    >
      <span>
        CONNECT
      </span>
    </div>
    <div
      class="MuiCardContent-root"
    />
    <span
      class="MuiCardActionArea-focusHighlight"
    />
    <span
      class="MuiTouchRipple-root"
    />
  </button>
  <div
    class="MuiCardActions-root MuiCardActions-spacing"
  >
    <button
      class="MuiButtonBase-root MuiButton-root makeStyles-link-3 MuiButton-text MuiButton-sizeSmall"
      tabindex="0"
      type="button"
    >
      <span
        class="MuiButton-label"
      >
        https://ichef.bbci.co.uk/news/660/cpsprodpb/9C76/production/_105745004_gettyimages-684415304.jpg
      </span>
      <span
        class="MuiTouchRipple-root"
      />
    </button>
  </div>
</div>
`;
